* This is the StructMobWeight report file that is output every time the server starts.
* 
* Spawn Balance Utility (SBU) will use this file ONLY if it is renamed to StructMobWeight.csv.
* Lines starting with '*' are comments and ignored
* It allows you to add and remove mobs and adjust their spawnweights for Structures
* like shipwrecks, nether fortresses, water monuments, etc.
* 
1, idas:abandonedhouse, HEADING, header:ignore, 0, 0, 0
2, alexscaves:abyssal_ruins, HEADING, header:ignore, 0, 0, 0
3, alexscaves:abyssal_ruins, MONSTER, alexscaves:mine_guardian, 20, 1, 2
4, alexscaves:acid_pit, HEADING, header:ignore, 0, 0, 0
5, trolldom:air_shrine, HEADING, header:ignore, 0, 0, 0
6, integrated_villages:airship_village, HEADING, header:ignore, 0, 0, 0
7, netherdungeons:altar, HEADING, header:ignore, 0, 0, 0
8, minecraft:ancient_city, HEADING, header:ignore, 0, 0, 0
9, unusualend:ancient_end_tower, HEADING, header:ignore, 0, 0, 0
10, idas:ancient_mines, HEADING, header:ignore, 0, 0, 0
11, idas:ancient_mines, MONSTER, minecraft:silverfish, 10, 1, 1
12, idas:ancient_mines, MONSTER, quark:wraith, 10, 1, 1
13, idas:ancient_portal/ancient_portal, HEADING, header:ignore, 0, 0, 0
14, idas:ancient_portal/ancient_portal, MONSTER, minecraft:silverfish, 10, 1, 4
15, idas:ancient_portal/ancient_portal, MONSTER, quark:wraith, 10, 1, 4
16, idas:ancient_portal/nether_ancient_portal, HEADING, header:ignore, 0, 0, 0
17, idas:ancient_portal/nether_ancient_portal, MONSTER, quark:wraith, 10, 1, 1
18, idas:ancient_statue/ancient_statue_desert, HEADING, header:ignore, 0, 0, 0
19, idas:ancient_statue/ancient_statue_jungle, HEADING, header:ignore, 0, 0, 0
20, idas:ancient_statue/ancient_statue_plains, HEADING, header:ignore, 0, 0, 0
21, idas:animal_den/forest_den, HEADING, header:ignore, 0, 0, 0
22, idas:animal_den/foxhound_den, HEADING, header:ignore, 0, 0, 0
23, idas:animal_den/polar_bear_den, HEADING, header:ignore, 0, 0, 0
24, spawn:ant_mount, HEADING, header:ignore, 0, 0, 0
25, idas:apothecary_abode, HEADING, header:ignore, 0, 0, 0
26, idas:ars_nouveau/archmages_tower, HEADING, header:ignore, 0, 0, 0
27, minecraft:bastion_remnant, HEADING, header:ignore, 0, 0, 0
28, idas:bazaar, HEADING, header:ignore, 0, 0, 0
29, idas:bearclaw_inn, HEADING, header:ignore, 0, 0, 0
30, idas:beekeepers_house, HEADING, header:ignore, 0, 0, 0
31, cloudstorage:big_balloon, HEADING, header:ignore, 0, 0, 0
32, twigs:bloodstone_obelisk, HEADING, header:ignore, 0, 0, 0
33, archeological:blue_ruined_camp, HEADING, header:ignore, 0, 0, 0
34, oreganized:boulder, HEADING, header:ignore, 0, 0, 0
35, brewery:brewfest_tent, HEADING, header:ignore, 0, 0, 0
36, idas:brickhouse, HEADING, header:ignore, 0, 0, 0
37, minecraft:buried_treasure, HEADING, header:ignore, 0, 0, 0
38, integrated_villages:cabin_village, HEADING, header:ignore, 0, 0, 0
39, alexscaves:cake_cave, HEADING, header:ignore, 0, 0, 0
40, idas:castle, HEADING, header:ignore, 0, 0, 0
41, undergarden:catacombs, HEADING, header:ignore, 0, 0, 0
42, undergarden:catacombs, MONSTER, undergarden:forgotten, 10, 1, 1
43, netherexp:chapel, HEADING, header:ignore, 0, 0, 0
44, unusualend:chorus_cane, HEADING, header:ignore, 0, 0, 0
45, spelunkery:cinnabar_wire, HEADING, header:ignore, 0, 0, 0
46, idas:cottage, HEADING, header:ignore, 0, 0, 0
47, idas:desert_camp/desert_camp, HEADING, header:ignore, 0, 0, 0
48, idas:desert_camp/desert_camp_bygwindswept, HEADING, header:ignore, 0, 0, 0
49, idas:desert_camp/desert_camp_orange, HEADING, header:ignore, 0, 0, 0
50, idas:desert_camp/desert_camp_red, HEADING, header:ignore, 0, 0, 0
51, idas:desert_market/desert_market, HEADING, header:ignore, 0, 0, 0
52, idas:desert_market/desert_market_orange, HEADING, header:ignore, 0, 0, 0
53, idas:desert_market/desert_market_red, HEADING, header:ignore, 0, 0, 0
54, idas:desert_pyramid, HEADING, header:ignore, 0, 0, 0
55, minecraft:desert_pyramid, HEADING, header:ignore, 0, 0, 0
56, archeological:desert_ruins_large, HEADING, header:ignore, 0, 0, 0
57, archeological:desert_ruins_small, HEADING, header:ignore, 0, 0, 0
58, netherexp:devils_bluff, HEADING, header:ignore, 0, 0, 0
59, idas:dig_site/dig_site, HEADING, header:ignore, 0, 0, 0
60, idas:dig_site/dig_site_desert, HEADING, header:ignore, 0, 0, 0
61, alexscaves:dino_bowl, HEADING, header:ignore, 0, 0, 0
62, alexscaves:donut_arch, HEADING, header:ignore, 0, 0, 0
63, nullscape:dragon_skeleton, HEADING, header:ignore, 0, 0, 0
64, trolldom:earth_shrine, HEADING, header:ignore, 0, 0, 0
65, idas:enchantingtower, HEADING, header:ignore, 0, 0, 0
66, minecraft:end_city, HEADING, header:ignore, 0, 0, 0
67, minecraft:end_city, MONSTER, alexsmobs:mimicube, 40, 1, 3
68, unusualend:end_house, HEADING, header:ignore, 0, 0, 0
69, tetra:extractor_ruin, HEADING, header:ignore, 0, 0, 0
70, habitat:fairy_ring, HEADING, header:ignore, 0, 0, 0
71, habitat:fairy_ring, CREATURE, habitat:pooka, 10, 4, 4
72, boss_keys:fallen_monster_room, HEADING, header:ignore, 0, 0, 0
73, idas:farmhouse, HEADING, header:ignore, 0, 0, 0
74, alexscaves:ferrocave, HEADING, header:ignore, 0, 0, 0
75, flying_stuff:fil_0, HEADING, header:ignore, 0, 0, 0
76, trolldom:fire_shrine, HEADING, header:ignore, 0, 0, 0
77, trolldom:fire_shrine, MONSTER, minecraft:blaze, 10, 2, 5
78, trolldom:fire_shrine, MONSTER, minecraft:magma_cube, 10, 1, 4
79, unusualend:firefly_nest, HEADING, header:ignore, 0, 0, 0
80, idas:fishermans_lodge, HEADING, header:ignore, 0, 0, 0
81, flying_stuff:floating_tower, HEADING, header:ignore, 0, 0, 0
82, flying_stuff:floating_village, HEADING, header:ignore, 0, 0, 0
83, unusualend:flying_end_ship, HEADING, header:ignore, 0, 0, 0
84, unusualend:flying_end_ship, MONSTER, unusualend:undead_enderling, 10, 3, 5
85, undergarden:forgotten_vestige, HEADING, header:ignore, 0, 0, 0
86, alexscaves:forlorn_bridge, HEADING, header:ignore, 0, 0, 0
87, alexscaves:forlorn_canyon, HEADING, header:ignore, 0, 0, 0
88, minecraft:fortress, HEADING, header:ignore, 0, 0, 0
89, minecraft:fortress, MONSTER, minecraft:blaze, 10, 2, 3
90, minecraft:fortress, MONSTER, minecraft:zombified_piglin, 10, 4, 4
91, minecraft:fortress, MONSTER, minecraft:wither_skeleton, 10, 5, 5
92, minecraft:fortress, MONSTER, minecraft:skeleton, 10, 5, 5
93, minecraft:fortress, MONSTER, minecraft:magma_cube, 10, 4, 4
94, mowziesmobs:frostmaw_spawn, HEADING, header:ignore, 0, 0, 0
95, idas:frozen_crypt, HEADING, header:ignore, 0, 0, 0
96, biomemakeover:ghost_town, HEADING, header:ignore, 0, 0, 0
97, biomemakeover:ghost_town, MONSTER, biomemakeover:ghost, 80, 2, 4
98, snowyspirit:gingerbread_house, HEADING, header:ignore, 0, 0, 0
99, snowyspirit:gingerbread_house, MONSTER, minecraft:witch, 10, 1, 1
100, snowyspirit:gingerbread_house, CREATURE, minecraft:pig, 10, 1, 1
101, alexscaves:gingerbread_town, HEADING, header:ignore, 0, 0, 0
102, alexscaves:gingerbread_town, MONSTER, alexscaves:gingerbread_man, 80, 4, 4
103, flying_stuff:glaciated_great_sky_island, HEADING, header:ignore, 0, 0, 0
104, flying_stuff:glaciated_sky_castle, HEADING, header:ignore, 0, 0, 0
105, flying_stuff:glaciated_sky_dungeon, HEADING, header:ignore, 0, 0, 0
106, unusualend:gloopy_nest, HEADING, header:ignore, 0, 0, 0
107, flying_stuff:golden_floating_dungeon, HEADING, header:ignore, 0, 0, 0
108, flying_stuff:great_sky_island, HEADING, header:ignore, 0, 0, 0
109, archeological:green_ruined_camp, HEADING, header:ignore, 0, 0, 0
110, flying_stuff:grounddecogolden, HEADING, header:ignore, 0, 0, 0
111, idas:haunted_manor, HEADING, header:ignore, 0, 0, 0
112, idas:haunted_manor, MONSTER, quark:wraith, 10, 3, 4
113, healpgood:heartstructure, HEADING, header:ignore, 0, 0, 0
114, idas:hermits_hollow, HEADING, header:ignore, 0, 0, 0
115, idas:hunters_cabin, HEADING, header:ignore, 0, 0, 0
116, idas:iceandfire/dread_citadel, HEADING, header:ignore, 0, 0, 0
117, minecraft:igloo, HEADING, header:ignore, 0, 0, 0
118, exquisito:inverted_ruins, HEADING, header:ignore, 0, 0, 0
119, minecraft:jungle_pyramid, HEADING, header:ignore, 0, 0, 0
120, integrated_villages:kutcha_village, HEADING, header:ignore, 0, 0, 0
121, dungeonnowloading:labyrinth, HEADING, header:ignore, 0, 0, 0
122, dungeonnowloading:labyrinth, MONSTER, minecraft:spider, 80, 4, 4
123, dungeonnowloading:labyrinth, MONSTER, minecraft:zombie, 80, 4, 4
124, dungeonnowloading:labyrinth, MONSTER, minecraft:zombie_villager, 10, 1, 1
125, dungeonnowloading:labyrinth, MONSTER, minecraft:skeleton, 80, 4, 4
126, dungeonnowloading:labyrinth, MONSTER, minecraft:creeper, 80, 4, 4
127, dungeonnowloading:labyrinth, MONSTER, minecraft:slime, 80, 4, 4
128, dungeonnowloading:labyrinth, MONSTER, minecraft:enderman, 10, 1, 4
129, dungeonnowloading:labyrinth, MONSTER, minecraft:witch, 10, 1, 1
130, dungeonnowloading:labyrinth, MONSTER, minecraft:drowned, 80, 4, 4
131, dungeonnowloading:labyrinth, AMBIENT, minecraft:bat, 10, 8, 8
132, dungeonnowloading:labyrinth, UNDERGROUND_WATER_CREATURE, minecraft:glow_squid, 10, 4, 6
133, idas:labyrinth, HEADING, header:ignore, 0, 0, 0
134, flying_stuff:lavic_great_sky_island, HEADING, header:ignore, 0, 0, 0
135, flying_stuff:lavic_huge_spike, HEADING, header:ignore, 0, 0, 0
136, flying_stuff:lavic_railway, HEADING, header:ignore, 0, 0, 0
137, flying_stuff:lavic_tower, HEADING, header:ignore, 0, 0, 0
138, flying_stuff:lavspike_0, HEADING, header:ignore, 0, 0, 0
139, flying_stuff:lavspike_1, HEADING, header:ignore, 0, 0, 0
140, flying_stuff:lavspike_2, HEADING, header:ignore, 0, 0, 0
141, alexscaves:licowitch_tower, HEADING, header:ignore, 0, 0, 0
142, alexscaves:licowitch_tower, MONSTER, alexscaves:licowitch, 70, 1, 1
143, alexscaves:licowitch_tower, MONSTER, minecraft:witch, 30, 1, 1
144, idas:lumber_camp/lumber_camp_acacia, HEADING, header:ignore, 0, 0, 0
145, idas:lumber_camp/lumber_camp_birch, HEADING, header:ignore, 0, 0, 0
146, idas:lumber_camp/lumber_camp_bopmahogany, HEADING, header:ignore, 0, 0, 0
147, idas:lumber_camp/lumber_camp_bopredwood, HEADING, header:ignore, 0, 0, 0
148, idas:lumber_camp/lumber_camp_bygmahogany, HEADING, header:ignore, 0, 0, 0
149, idas:lumber_camp/lumber_camp_bygredwood, HEADING, header:ignore, 0, 0, 0
150, idas:lumber_camp/lumber_camp_dark_oak, HEADING, header:ignore, 0, 0, 0
151, idas:lumber_camp/lumber_camp_jungle, HEADING, header:ignore, 0, 0, 0
152, idas:lumber_camp/lumber_camp_oak, HEADING, header:ignore, 0, 0, 0
153, idas:lumber_camp/lumber_camp_spruce, HEADING, header:ignore, 0, 0, 0
154, ad_astra:lunar_tower, HEADING, header:ignore, 0, 0, 0
155, ad_astra:lunarian_village, HEADING, header:ignore, 0, 0, 0
156, biomemakeover:mansion, HEADING, header:ignore, 0, 0, 0
157, minecraft:mansion, HEADING, header:ignore, 0, 0, 0
158, autumnity:maple_hut, HEADING, header:ignore, 0, 0, 0
159, autumnity:maple_hut, MONSTER, minecraft:witch, 10, 1, 1
160, autumnity:maple_hut, CREATURE, minecraft:cat, 10, 1, 1
161, integrated_villages:marketstead_village, HEADING, header:ignore, 0, 0, 0
162, ad_astra:mars_temple, HEADING, header:ignore, 0, 0, 0
163, integrated_villages:mediterranean_village, HEADING, header:ignore, 0, 0, 0
164, netherexp:mega_fossil, HEADING, header:ignore, 0, 0, 0
165, netherexp:mega_fossil_campsite, HEADING, header:ignore, 0, 0, 0
166, netherexp:mega_fossil_campsite, MONSTER, minecraft:skeleton, 10, 1, 1
167, netherexp:mega_fossil_campsite, MONSTER, netherexp:vessel, 10, 1, 1
168, minecraft:mineshaft, HEADING, header:ignore, 0, 0, 0
169, minecraft:mineshaft, AMBIENT, alexsmobs:underminer, 50, 1, 1
170, minecraft:mineshaft_mesa, HEADING, header:ignore, 0, 0, 0
171, minecraft:mineshaft_mesa, AMBIENT, alexsmobs:underminer, 50, 1, 1
172, minecraft:monument, HEADING, header:ignore, 0, 0, 0
173, minecraft:monument, MONSTER, minecraft:guardian, 10, 2, 4
174, ad_astra:moon_dungeon, HEADING, header:ignore, 0, 0, 0
175, integrated_villages:mossy_mounds, HEADING, header:ignore, 0, 0, 0
176, biomemakeover:mushroom_house, HEADING, header:ignore, 0, 0, 0
177, idas:necromancers_spire, HEADING, header:ignore, 0, 0, 0
178, idas:necromancers_spire, MONSTER, quark:wraith, 10, 1, 1
179, minecraft:nether_fossil, HEADING, header:ignore, 0, 0, 0
180, minecraft:nether_fossil, MONSTER, alexsmobs:soul_vulture, 30, 1, 1
181, idas:nexus, HEADING, header:ignore, 0, 0, 0
182, idas:nexus, MONSTER, minecraft:silverfish, 10, 1, 4
183, idas:nexus, MONSTER, quark:wraith, 10, 1, 4
184, integrated_villages:oasis_village, HEADING, header:ignore, 0, 0, 0
185, minecraft:ocean_ruin_cold, HEADING, header:ignore, 0, 0, 0
186, minecraft:ocean_ruin_warm, HEADING, header:ignore, 0, 0, 0
187, alexscaves:ocean_trench, HEADING, header:ignore, 0, 0, 0
188, ad_astra:oil_well, HEADING, header:ignore, 0, 0, 0
189, species:paleontology_dig_site, HEADING, header:ignore, 0, 0, 0
190, netherdungeons:piglin_house, HEADING, header:ignore, 0, 0, 0
191, idas:pillager_camp, HEADING, header:ignore, 0, 0, 0
192, idas:pillager_fortress, HEADING, header:ignore, 0, 0, 0
193, minecraft:pillager_outpost, HEADING, header:ignore, 0, 0, 0
194, minecraft:pillager_outpost, MONSTER, minecraft:pillager, 10, 1, 1
195, blocky_siege:pillager_ship, HEADING, header:ignore, 0, 0, 0
196, galosphere:pink_salt_shrine, HEADING, header:ignore, 0, 0, 0
197, integrated_villages:pirate_village, HEADING, header:ignore, 0, 0, 0
198, flying_stuff:portal, HEADING, header:ignore, 0, 0, 0
199, ad_astra:pygro_tower, HEADING, header:ignore, 0, 0, 0
200, ad_astra:pygro_village, HEADING, header:ignore, 0, 0, 0
201, integrated_villages:quark/minka_village, HEADING, header:ignore, 0, 0, 0
202, archeological:red_ruined_camp, HEADING, header:ignore, 0, 0, 0
203, idas:redhorn_guild, HEADING, header:ignore, 0, 0, 0
204, tetra:regular_ruin, HEADING, header:ignore, 0, 0, 0
205, tetra:regular_ruin, MONSTER, minecraft:stray, 10, 4, 16
206, goodending:revamped_swamp_hut, HEADING, header:ignore, 0, 0, 0
207, ribbits:ribbit_village, HEADING, header:ignore, 0, 0, 0
208, archeological:rock_ruins_large, HEADING, header:ignore, 0, 0, 0
209, archeological:rock_ruins_medium, HEADING, header:ignore, 0, 0, 0
210, archeological:rock_ruins_small, HEADING, header:ignore, 0, 0, 0
211, archeological:rock_ruins_tiny, HEADING, header:ignore, 0, 0, 0
212, archeological:ruined_hut_large, HEADING, header:ignore, 0, 0, 0
213, archeological:ruined_hut_medium, HEADING, header:ignore, 0, 0, 0
214, archeological:ruined_hut_small, HEADING, header:ignore, 0, 0, 0
215, minecraft:ruined_portal, HEADING, header:ignore, 0, 0, 0
216, minecraft:ruined_portal_desert, HEADING, header:ignore, 0, 0, 0
217, minecraft:ruined_portal_jungle, HEADING, header:ignore, 0, 0, 0
218, minecraft:ruined_portal_mountain, HEADING, header:ignore, 0, 0, 0
219, minecraft:ruined_portal_nether, HEADING, header:ignore, 0, 0, 0
220, minecraft:ruined_portal_ocean, HEADING, header:ignore, 0, 0, 0
221, minecraft:ruined_portal_swamp, HEADING, header:ignore, 0, 0, 0
222, idas:ruins_of_the_deep, HEADING, header:ignore, 0, 0, 0
223, netherexp:sanctum, HEADING, header:ignore, 0, 0, 0
224, netherexp:sanctum, MONSTER, minecraft:skeleton, 10, 1, 3
225, netherexp:sanctum, MONSTER, netherexp:vessel, 10, 1, 2
226, netherexp:sanctum, MONSTER, netherexp:banshee, 10, 1, 1
227, netherexp:sanctum, MONSTER, netherexp:apparition, 10, 1, 1
228, sculkhorde:sculk_tomb_main, HEADING, header:ignore, 0, 0, 0
229, minecraft:shipwreck, HEADING, header:ignore, 0, 0, 0
230, minecraft:shipwreck, MONSTER, alexsmobs:skelewag, 15, 1, 2
231, minecraft:shipwreck_beached, HEADING, header:ignore, 0, 0, 0
232, cloudstorage:sky_temple, HEADING, header:ignore, 0, 0, 0
233, flying_stuff:skyarena, HEADING, header:ignore, 0, 0, 0
234, flying_stuff:skyarenaice, HEADING, header:ignore, 0, 0, 0
235, flying_stuff:skyarenalavic, HEADING, header:ignore, 0, 0, 0
236, unusualend:small_gloopy_ruins, HEADING, header:ignore, 0, 0, 0
237, idas:snifferhenge, HEADING, header:ignore, 0, 0, 0
238, alexscaves:soda_bottle, HEADING, header:ignore, 0, 0, 0
239, integrated_stronghold:stronghold, HEADING, header:ignore, 0, 0, 0
240, integrated_stronghold:stronghold, MONSTER, minecraft:silverfish, 10, 1, 2
241, integrated_stronghold:stronghold, MONSTER, minecraft:enderman, 10, 1, 1
242, minecraft:stronghold, HEADING, header:ignore, 0, 0, 0
243, biomemakeover:sunken_ruin, HEADING, header:ignore, 0, 0, 0
244, idas:sunken_ship/sunken_ship, HEADING, header:ignore, 0, 0, 0
245, idas:sunken_ship/sunken_ship, MONSTER, quark:wraith, 10, 1, 2
246, idas:sunken_ship/sunken_ship_coral, HEADING, header:ignore, 0, 0, 0
247, idas:sunken_ship/sunken_ship_coral, MONSTER, quark:wraith, 10, 1, 2
248, idas:sunken_ship/sunken_ship_ruins, HEADING, header:ignore, 0, 0, 0
249, minecraft:swamp_hut, HEADING, header:ignore, 0, 0, 0
250, minecraft:swamp_hut, MONSTER, minecraft:witch, 10, 1, 1
251, minecraft:swamp_hut, CREATURE, minecraft:cat, 10, 1, 1
252, integrated_villages:tavern_village, HEADING, header:ignore, 0, 0, 0
253, idas:tinkers_citadel, HEADING, header:ignore, 0, 0, 0
254, idas:tinkers_workshop, HEADING, header:ignore, 0, 0, 0
255, minecraft:trail_ruins, HEADING, header:ignore, 0, 0, 0
256, idas:train_ruins, HEADING, header:ignore, 0, 0, 0
257, piglinproliferation:traveler_camp, HEADING, header:ignore, 0, 0, 0
258, piglinproliferation:traveler_camp_gathering, HEADING, header:ignore, 0, 0, 0
259, piglinproliferation:traveler_soul_camp, HEADING, header:ignore, 0, 0, 0
260, idas:tree_of_wisdom, HEADING, header:ignore, 0, 0, 0
261, idas:treetop_tavern, HEADING, header:ignore, 0, 0, 0
262, trials:trials_chambers, HEADING, header:ignore, 0, 0, 0
263, mowziesmobs:umvuthana_grove, HEADING, header:ignore, 0, 0, 0
264, alexscaves:underground_cabin, HEADING, header:ignore, 0, 0, 0
265, idas:underground_camp/underground_camp, HEADING, header:ignore, 0, 0, 0
266, idas:underground_camp/underground_camp_deep, HEADING, header:ignore, 0, 0, 0
267, archeological:underground_ruins_large, HEADING, header:ignore, 0, 0, 0
268, archeological:underground_ruins_medium, HEADING, header:ignore, 0, 0, 0
269, archeological:underground_ruins_small, HEADING, header:ignore, 0, 0, 0
270, ad_astra:venus_bullet, HEADING, header:ignore, 0, 0, 0
271, natures_spirit:village_adobe, HEADING, header:ignore, 0, 0, 0
272, natures_spirit:village_coconut, HEADING, header:ignore, 0, 0, 0
273, natures_spirit:village_cypress, HEADING, header:ignore, 0, 0, 0
274, minecraft:village_desert, HEADING, header:ignore, 0, 0, 0
275, minecraft:village_plains, HEADING, header:ignore, 0, 0, 0
276, minecraft:village_savanna, HEADING, header:ignore, 0, 0, 0
277, minecraft:village_snowy, HEADING, header:ignore, 0, 0, 0
278, minecraft:village_taiga, HEADING, header:ignore, 0, 0, 0
279, natures_spirit:village_wisteria, HEADING, header:ignore, 0, 0, 0
280, alexscaves:volcano, HEADING, header:ignore, 0, 0, 0
281, unusualend:wanderer_island, HEADING, header:ignore, 0, 0, 0
282, unusualend:warped_flying_end_ship, HEADING, header:ignore, 0, 0, 0
283, unusualend:warped_flying_end_ship, MONSTER, unusualend:bluk, 10, 2, 3
284, unusualend:warped_flying_end_ship, MONSTER, unusualend:spunkler, 10, 1, 2
285, unusualend:warped_flying_end_ship, MONSTER, unusualend:bolok, 10, 1, 1
286, unusualend:warped_station, HEADING, header:ignore, 0, 0, 0
287, idas:washing_camp, HEADING, header:ignore, 0, 0, 0
288, archeological:wasteland_ruins_large, HEADING, header:ignore, 0, 0, 0
289, archeological:wasteland_ruins_small, HEADING, header:ignore, 0, 0, 0
290, trolldom:water_shrine, HEADING, header:ignore, 0, 0, 0
291, supplementaries:way_sign, HEADING, header:ignore, 0, 0, 0
292, idas:winter_wagon, HEADING, header:ignore, 0, 0, 0
293, idas:witches_treestump, HEADING, header:ignore, 0, 0, 0
294, idas:witches_treestump, MONSTER, minecraft:witch, 10, 1, 1
295, idas:witches_treestump, CREATURE, minecraft:cat, 10, 1, 1
296, idas:wizard_tower, HEADING, header:ignore, 0, 0, 0
297, species:wraptor_coop, HEADING, header:ignore, 0, 0, 0
298, mowziesmobs:wrought_chamber, HEADING, header:ignore, 0, 0, 0
